<?xml version="1.0" encoding="ISO-8859-1" ?>
<link_info>
   <banner>TI ARM Linker PC v20.2.7.LTS</banner>
   <copyright>Copyright (c) 1996-2018 Texas Instruments Incorporated</copyright>
   <link_time>0x667197b5</link_time>
   <link_errors>0x0</link_errors>
   <output_file>CAN_Test.out</output_file>
   <entry_point>
      <name>_c_int00_noargs</name>
      <address>0x39b9</address>
   </entry_point>
   <input_file_list>
      <input_file id="fl-2">
         <path>.\</path>
         <kind>object</kind>
         <file>can.obj</file>
         <name>can.obj</name>
      </input_file>
      <input_file id="fl-3">
         <path>.\</path>
         <kind>object</kind>
         <file>gpio.obj</file>
         <name>gpio.obj</name>
      </input_file>
      <input_file id="fl-4">
         <path>.\</path>
         <kind>object</kind>
         <file>interrupt.obj</file>
         <name>interrupt.obj</name>
      </input_file>
      <input_file id="fl-5">
         <path>.\</path>
         <kind>object</kind>
         <file>main.obj</file>
         <name>main.obj</name>
      </input_file>
      <input_file id="fl-6">
         <path>.\</path>
         <kind>object</kind>
         <file>sysctl.obj</file>
         <name>sysctl.obj</name>
      </input_file>
      <input_file id="fl-7">
         <path>.\</path>
         <kind>object</kind>
         <file>tm4c123gh6pm_startup_ccs.obj</file>
         <name>tm4c123gh6pm_startup_ccs.obj</name>
      </input_file>
      <input_file id="fl-8">
         <path>.\</path>
         <kind>object</kind>
         <file>uart.obj</file>
         <name>uart.obj</name>
      </input_file>
      <input_file id="fl-9">
         <path>.\</path>
         <kind>object</kind>
         <file>uartstdio.obj</file>
         <name>uartstdio.obj</name>
      </input_file>
      <input_file id="fl-e">
         <kind>object</kind>
         <file>&lt;internal&gt;</file>
         <name>&lt;internal&gt;</name>
      </input_file>
      <input_file id="fl-c4">
         <path>C:\ti\ccs1250\ccs\tools\compiler\ti-cgt-arm_20.2.7.LTS\lib\</path>
         <kind>archive</kind>
         <file>rtsv7M4_T_le_v4SPD16_eabi.lib</file>
         <name>u_divt2.asm.obj</name>
      </input_file>
      <input_file id="fl-c5">
         <path>C:\ti\ccs1250\ccs\tools\compiler\ti-cgt-arm_20.2.7.LTS\lib\</path>
         <kind>archive</kind>
         <file>rtsv7M4_T_le_v4SPD16_eabi.lib</file>
         <name>copy_zero_init.c.obj</name>
      </input_file>
      <input_file id="fl-c6">
         <path>C:\ti\ccs1250\ccs\tools\compiler\ti-cgt-arm_20.2.7.LTS\lib\</path>
         <kind>archive</kind>
         <file>rtsv7M4_T_le_v4SPD16_eabi.lib</file>
         <name>copy_decompress_none.c.obj</name>
      </input_file>
      <input_file id="fl-c7">
         <path>C:\ti\ccs1250\ccs\tools\compiler\ti-cgt-arm_20.2.7.LTS\lib\</path>
         <kind>archive</kind>
         <file>rtsv7M4_T_le_v4SPD16_eabi.lib</file>
         <name>copy_decompress_lzss.c.obj</name>
      </input_file>
      <input_file id="fl-c8">
         <path>C:\ti\ccs1250\ccs\tools\compiler\ti-cgt-arm_20.2.7.LTS\lib\</path>
         <kind>archive</kind>
         <file>rtsv7M4_T_le_v4SPD16_eabi.lib</file>
         <name>boot_cortex_m.c.obj</name>
      </input_file>
      <input_file id="fl-c9">
         <path>C:\ti\ccs1250\ccs\tools\compiler\ti-cgt-arm_20.2.7.LTS\lib\</path>
         <kind>archive</kind>
         <file>rtsv7M4_T_le_v4SPD16_eabi.lib</file>
         <name>div0.asm.obj</name>
      </input_file>
      <input_file id="fl-ca">
         <path>C:\ti\ccs1250\ccs\tools\compiler\ti-cgt-arm_20.2.7.LTS\lib\</path>
         <kind>archive</kind>
         <file>rtsv7M4_T_le_v4SPD16_eabi.lib</file>
         <name>memcpy_t2.asm.obj</name>
      </input_file>
      <input_file id="fl-cb">
         <path>C:\ti\ccs1250\ccs\tools\compiler\ti-cgt-arm_20.2.7.LTS\lib\</path>
         <kind>archive</kind>
         <file>rtsv7M4_T_le_v4SPD16_eabi.lib</file>
         <name>memset_t2.asm.obj</name>
      </input_file>
      <input_file id="fl-cc">
         <path>C:\ti\ccs1250\ccs\tools\compiler\ti-cgt-arm_20.2.7.LTS\lib\</path>
         <kind>archive</kind>
         <file>rtsv7M4_T_le_v4SPD16_eabi.lib</file>
         <name>autoinit.c.obj</name>
      </input_file>
      <input_file id="fl-cd">
         <path>C:\ti\ccs1250\ccs\tools\compiler\ti-cgt-arm_20.2.7.LTS\lib\</path>
         <kind>archive</kind>
         <file>rtsv7M4_T_le_v4SPD16_eabi.lib</file>
         <name>pre_init.c.obj</name>
      </input_file>
      <input_file id="fl-ce">
         <path>C:\ti\ccs1250\ccs\tools\compiler\ti-cgt-arm_20.2.7.LTS\lib\</path>
         <kind>archive</kind>
         <file>rtsv7M4_T_le_v4SPD16_eabi.lib</file>
         <name>cpy_tbl.c.obj</name>
      </input_file>
      <input_file id="fl-cf">
         <path>C:\ti\ccs1250\ccs\tools\compiler\ti-cgt-arm_20.2.7.LTS\lib\</path>
         <kind>archive</kind>
         <file>rtsv7M4_T_le_v4SPD16_eabi.lib</file>
         <name>exit.c.obj</name>
      </input_file>
      <input_file id="fl-d0">
         <path>C:\ti\ccs1250\ccs\tools\compiler\ti-cgt-arm_20.2.7.LTS\lib\</path>
         <kind>archive</kind>
         <file>rtsv7M4_T_le_v4SPD16_eabi.lib</file>
         <name>_lock.c.obj</name>
      </input_file>
      <input_file id="fl-d1">
         <path>C:\ti\ccs1250\ccs\tools\compiler\ti-cgt-arm_20.2.7.LTS\lib\</path>
         <kind>archive</kind>
         <file>rtsv7M4_T_le_v4SPD16_eabi.lib</file>
         <name>args_main.c.obj</name>
      </input_file>
      <input_file id="fl-d2">
         <path>C:\ti\TivaWare_C_Series-2.2.0.295\driverlib\ccs\Debug\</path>
         <kind>archive</kind>
         <file>driverlib.lib</file>
         <name>cpu.obj</name>
      </input_file>
   </input_file_list>
   <object_component_list>
      <object_component id="oc-12">
         <name>.intvecs</name>
         <load_address>0x0</load_address>
         <run_address>0x0</run_address>
         <size>0x26c</size>
         <input_file_ref idref="fl-7"/>
      </object_component>
      <object_component id="oc-d4">
         <name>.text</name>
         <load_address>0x26c</load_address>
         <run_address>0x26c</run_address>
         <size>0xf80</size>
         <input_file_ref idref="fl-6"/>
      </object_component>
      <object_component id="oc-da">
         <name>.text</name>
         <load_address>0x11ec</load_address>
         <run_address>0x11ec</run_address>
         <size>0xb94</size>
         <input_file_ref idref="fl-3"/>
      </object_component>
      <object_component id="oc-c8">
         <name>.text</name>
         <load_address>0x1d80</load_address>
         <run_address>0x1d80</run_address>
         <size>0xa28</size>
         <input_file_ref idref="fl-2"/>
      </object_component>
      <object_component id="oc-141">
         <name>.text</name>
         <load_address>0x27a8</load_address>
         <run_address>0x27a8</run_address>
         <size>0x62e</size>
         <input_file_ref idref="fl-8"/>
      </object_component>
      <object_component id="oc-1e4">
         <name>.text</name>
         <load_address>0x2dd6</load_address>
         <run_address>0x2dd6</run_address>
         <size>0x2</size>
         <input_file_ref idref="fl-c9"/>
      </object_component>
      <object_component id="oc-ce">
         <name>.text</name>
         <load_address>0x2dd8</load_address>
         <run_address>0x2dd8</run_address>
         <size>0x49c</size>
         <input_file_ref idref="fl-9"/>
      </object_component>
      <object_component id="oc-e0">
         <name>.text</name>
         <load_address>0x3274</load_address>
         <run_address>0x3274</run_address>
         <size>0x3c0</size>
         <input_file_ref idref="fl-4"/>
      </object_component>
      <object_component id="oc-9b">
         <name>.text</name>
         <load_address>0x3634</load_address>
         <run_address>0x3634</run_address>
         <size>0x1fc</size>
         <input_file_ref idref="fl-5"/>
      </object_component>
      <object_component id="oc-3b">
         <name>.text</name>
         <load_address>0x3830</load_address>
         <run_address>0x3830</run_address>
         <size>0x9c</size>
         <input_file_ref idref="fl-ca"/>
      </object_component>
      <object_component id="oc-15">
         <name>.text:decompress:lzss:__TI_decompress_lzss</name>
         <load_address>0x38cc</load_address>
         <run_address>0x38cc</run_address>
         <size>0x68</size>
         <input_file_ref idref="fl-c7"/>
      </object_component>
      <object_component id="oc-104">
         <name>.text:__TI_auto_init_nobinit_nopinit:__TI_auto_init_nobinit_nopinit</name>
         <load_address>0x3934</load_address>
         <run_address>0x3934</run_address>
         <size>0x44</size>
         <input_file_ref idref="fl-cc"/>
      </object_component>
      <object_component id="oc-150">
         <name>.text</name>
         <load_address>0x3978</load_address>
         <run_address>0x3978</run_address>
         <size>0x40</size>
         <input_file_ref idref="fl-c4"/>
      </object_component>
      <object_component id="oc-59">
         <name>.text:_c_int00_noargs:_c_int00_noargs</name>
         <load_address>0x39b8</load_address>
         <run_address>0x39b8</run_address>
         <size>0x34</size>
         <input_file_ref idref="fl-c8"/>
      </object_component>
      <object_component id="oc-47">
         <name>.text:decompress:ZI:__TI_zero_init_nomemset:__TI_zero_init_nomemset</name>
         <load_address>0x39ec</load_address>
         <run_address>0x39ec</run_address>
         <size>0x1c</size>
         <input_file_ref idref="fl-c5"/>
      </object_component>
      <object_component id="oc-1b">
         <name>.text:decompress:none:__TI_decompress_none</name>
         <load_address>0x3a08</load_address>
         <run_address>0x3a08</run_address>
         <size>0xe</size>
         <input_file_ref idref="fl-c6"/>
      </object_component>
      <object_component id="oc-185">
         <name>.text:CPUcpsid</name>
         <load_address>0x3a16</load_address>
         <run_address>0x3a16</run_address>
         <size>0xc</size>
         <input_file_ref idref="fl-d2"/>
      </object_component>
      <object_component id="oc-17f">
         <name>.text:CPUcpsie</name>
         <load_address>0x3a22</load_address>
         <run_address>0x3a22</run_address>
         <size>0xc</size>
         <input_file_ref idref="fl-d2"/>
      </object_component>
      <object_component id="oc-27">
         <name>.text</name>
         <load_address>0x3a2e</load_address>
         <run_address>0x3a2e</run_address>
         <size>0xc</size>
         <input_file_ref idref="fl-7"/>
      </object_component>
      <object_component id="oc-197">
         <name>.text:CPUbasepriGet</name>
         <load_address>0x3a3a</load_address>
         <run_address>0x3a3a</run_address>
         <size>0xa</size>
         <input_file_ref idref="fl-d2"/>
      </object_component>
      <object_component id="oc-191">
         <name>.text:CPUbasepriSet</name>
         <load_address>0x3a44</load_address>
         <run_address>0x3a44</run_address>
         <size>0x6</size>
         <input_file_ref idref="fl-d2"/>
      </object_component>
      <object_component id="oc-171">
         <name>.text:SysCtlDelay</name>
         <load_address>0x3a4a</load_address>
         <run_address>0x3a4a</run_address>
         <size>0x6</size>
         <input_file_ref idref="fl-6"/>
      </object_component>
      <object_component id="oc-162">
         <name>.text:CPUwfi</name>
         <load_address>0x3a50</load_address>
         <run_address>0x3a50</run_address>
         <size>0x4</size>
         <input_file_ref idref="fl-d2"/>
      </object_component>
      <object_component id="oc-95">
         <name>.text:_system_pre_init</name>
         <load_address>0x3a54</load_address>
         <run_address>0x3a54</run_address>
         <size>0x4</size>
         <input_file_ref idref="fl-cd"/>
      </object_component>
      <object_component id="oc-f8">
         <name>.text:abort:abort</name>
         <load_address>0x3a58</load_address>
         <run_address>0x3a58</run_address>
         <size>0x4</size>
         <input_file_ref idref="fl-cf"/>
      </object_component>
      <object_component id="oc-16e">
         <name>.const:g_pppui32XTALtoVCO</name>
         <load_address>0x3a5c</load_address>
         <run_address>0x3a5c</run_address>
         <size>0x1b0</size>
         <input_file_ref idref="fl-6"/>
      </object_component>
      <object_component id="oc-177">
         <name>.const:g_ppui32GPIOIntMapSnowflake</name>
         <load_address>0x3c0c</load_address>
         <run_address>0x3c0c</run_address>
         <size>0xd8</size>
         <input_file_ref idref="fl-3"/>
      </object_component>
      <object_component id="oc-174">
         <name>.const:g_ppui32GPIOIntMapBlizzard</name>
         <load_address>0x3ce4</load_address>
         <run_address>0x3ce4</run_address>
         <size>0xc0</size>
         <input_file_ref idref="fl-3"/>
      </object_component>
      <object_component id="oc-19d">
         <name>.const:g_pui32Regs</name>
         <load_address>0x3da4</load_address>
         <run_address>0x3da4</run_address>
         <size>0x9c</size>
         <input_file_ref idref="fl-4"/>
      </object_component>
      <object_component id="oc-17a">
         <name>.const:g_pui32GPIOBaseAddrs</name>
         <load_address>0x3e40</load_address>
         <run_address>0x3e40</run_address>
         <size>0x90</size>
         <input_file_ref idref="fl-3"/>
      </object_component>
      <object_component id="oc-168">
         <name>.const:g_pui32Xtals</name>
         <load_address>0x3ed0</load_address>
         <run_address>0x3ed0</run_address>
         <size>0x6c</size>
         <input_file_ref idref="fl-6"/>
      </object_component>
      <object_component id="oc-1d6">
         <name>.const:g_ppui32UARTIntMap</name>
         <load_address>0x3f3c</load_address>
         <run_address>0x3f3c</run_address>
         <size>0x40</size>
         <input_file_ref idref="fl-8"/>
      </object_component>
      <object_component id="oc-1d9">
         <name>.const:g_ppui32UARTIntMapSnowflake</name>
         <load_address>0x3f7c</load_address>
         <run_address>0x3f7c</run_address>
         <size>0x40</size>
         <input_file_ref idref="fl-8"/>
      </object_component>
      <object_component id="oc-15f">
         <name>.const:g_sXTALtoMEMTIM</name>
         <load_address>0x3fbc</load_address>
         <run_address>0x3fbc</run_address>
         <size>0x30</size>
         <input_file_ref idref="fl-6"/>
      </object_component>
      <object_component id="oc-18e">
         <name>.const:g_pui32Priority</name>
         <load_address>0x3fec</load_address>
         <run_address>0x3fec</run_address>
         <size>0x20</size>
         <input_file_ref idref="fl-4"/>
      </object_component>
      <object_component id="oc-138">
         <name>.const:g_ui16CANBitValues</name>
         <load_address>0x400c</load_address>
         <run_address>0x400c</run_address>
         <size>0x20</size>
         <input_file_ref idref="fl-2"/>
      </object_component>
      <object_component id="oc-1a3">
         <name>.const:g_pui32Dii16Regs</name>
         <load_address>0x402c</load_address>
         <run_address>0x402c</run_address>
         <size>0x14</size>
         <input_file_ref idref="fl-4"/>
      </object_component>
      <object_component id="oc-1a0">
         <name>.const:g_pui32EnRegs</name>
         <load_address>0x4040</load_address>
         <run_address>0x4040</run_address>
         <size>0x14</size>
         <input_file_ref idref="fl-4"/>
      </object_component>
      <object_component id="oc-1a6">
         <name>.const:g_pui32PendRegs</name>
         <load_address>0x4054</load_address>
         <run_address>0x4054</run_address>
         <size>0x14</size>
         <input_file_ref idref="fl-4"/>
      </object_component>
      <object_component id="oc-1a9">
         <name>.const:g_pui32UnpendRegs</name>
         <load_address>0x4068</load_address>
         <run_address>0x4068</run_address>
         <size>0x14</size>
         <input_file_ref idref="fl-4"/>
      </object_component>
      <object_component id="oc-1ea">
         <name>.const:.string</name>
         <load_address>0x407c</load_address>
         <run_address>0x407c</run_address>
         <size>0x12</size>
         <input_file_ref idref="fl-9"/>
      </object_component>
      <object_component id="oc-14d">
         <name>.const:g_ui32UARTBase</name>
         <load_address>0x4090</load_address>
         <run_address>0x4090</run_address>
         <size>0xc</size>
         <input_file_ref idref="fl-9"/>
      </object_component>
      <object_component id="oc-147">
         <name>.const:g_ui32UARTPeriph</name>
         <load_address>0x409c</load_address>
         <run_address>0x409c</run_address>
         <size>0xc</size>
         <input_file_ref idref="fl-9"/>
      </object_component>
      <object_component id="oc-16b">
         <name>.const:g_pui32VCOFrequencies</name>
         <load_address>0x40a8</load_address>
         <run_address>0x40a8</run_address>
         <size>0x8</size>
         <input_file_ref idref="fl-6"/>
      </object_component>
      <object_component id="oc-155">
         <name>.const</name>
         <load_address>0x40b0</load_address>
         <run_address>0x40b0</run_address>
         <size>0x4</size>
         <input_file_ref idref="fl-9"/>
      </object_component>
      <object_component id="oc-28f">
         <name>.cinit..data.load</name>
         <load_address>0x40b8</load_address>
         <run_address>0x40b8</run_address>
         <size>0xf</size>
      </object_component>
      <object_component id="oc-28c">
         <name>__TI_handler_table</name>
         <load_address>0x40c8</load_address>
         <run_address>0x40c8</run_address>
         <size>0xc</size>
      </object_component>
      <object_component id="oc-290">
         <name>.cinit..bss.load</name>
         <load_address>0x40d8</load_address>
         <run_address>0x40d8</run_address>
         <size>0x8</size>
      </object_component>
      <object_component id="oc-28e">
         <name>.cinit..vtable.load</name>
         <load_address>0x40e0</load_address>
         <run_address>0x40e0</run_address>
         <size>0x8</size>
      </object_component>
      <object_component id="oc-28d">
         <name>__TI_cinit_table</name>
         <load_address>0x40e8</load_address>
         <run_address>0x40e8</run_address>
         <size>0x18</size>
      </object_component>
      <object_component id="oc-18b">
         <name>.vtable</name>
         <uninitialized>true</uninitialized>
         <run_address>0x20000000</run_address>
         <size>0x26c</size>
         <input_file_ref idref="fl-4"/>
      </object_component>
      <object_component id="oc-e6">
         <name>.data</name>
         <load_address>0x2000049d</load_address>
         <run_address>0x2000049d</run_address>
         <size>0x3</size>
         <input_file_ref idref="fl-5"/>
      </object_component>
      <object_component id="oc-ef">
         <name>.data:sendData</name>
         <load_address>0x20000490</load_address>
         <run_address>0x20000490</run_address>
         <size>0x8</size>
         <input_file_ref idref="fl-5"/>
      </object_component>
      <object_component id="oc-14a">
         <name>.data</name>
         <load_address>0x20000498</load_address>
         <run_address>0x20000498</run_address>
         <size>0x5</size>
         <input_file_ref idref="fl-9"/>
      </object_component>
      <object_component id="oc-e9">
         <name>.common:ESP1_Frame</name>
         <uninitialized>true</uninitialized>
         <run_address>0x20000470</run_address>
         <size>0x8</size>
      </object_component>
      <object_component id="oc-ec">
         <name>.common:ESP2_Frame</name>
         <uninitialized>true</uninitialized>
         <run_address>0x20000478</run_address>
         <size>0x8</size>
      </object_component>
      <object_component id="oc-ed">
         <name>.common:ESP3_Frame</name>
         <uninitialized>true</uninitialized>
         <run_address>0x20000480</run_address>
         <size>0x8</size>
      </object_component>
      <object_component id="oc-ee">
         <name>.common:ESP4_Frame</name>
         <uninitialized>true</uninitialized>
         <run_address>0x20000488</run_address>
         <size>0x8</size>
      </object_component>
      <object_component id="oc-24">
         <name>.stack</name>
         <uninitialized>true</uninitialized>
         <run_address>0x20000270</run_address>
         <size>0x4</size>
         <input_file_ref idref="fl-c8"/>
      </object_component>
      <object_component id="oc-292">
         <name>.stack</name>
         <uninitialized>true</uninitialized>
         <run_address>0x20000270</run_address>
         <size>0x0</size>
      </object_component>
      <object_component id="oc-b7">
         <name>.debug_info</name>
         <load_address>0x0</load_address>
         <run_address>0x0</run_address>
         <size>0x31b</size>
         <input_file_ref idref="fl-2"/>
      </object_component>
      <object_component id="oc-139">
         <name>.debug_info</name>
         <load_address>0x31b</load_address>
         <run_address>0x31b</run_address>
         <size>0xcd</size>
         <input_file_ref idref="fl-2"/>
      </object_component>
      <object_component id="oc-cc">
         <name>.debug_info</name>
         <load_address>0x3e8</load_address>
         <run_address>0x3e8</run_address>
         <size>0x166e</size>
         <input_file_ref idref="fl-2"/>
      </object_component>
      <object_component id="oc-f3">
         <name>.debug_info</name>
         <load_address>0x1a56</load_address>
         <run_address>0x1a56</run_address>
         <size>0x1b3</size>
         <input_file_ref idref="fl-2"/>
      </object_component>
      <object_component id="oc-70">
         <name>.debug_info</name>
         <load_address>0x1c09</load_address>
         <run_address>0x1c09</run_address>
         <size>0x26b</size>
         <input_file_ref idref="fl-2"/>
      </object_component>
      <object_component id="oc-b2">
         <name>.debug_info</name>
         <load_address>0x1e74</load_address>
         <run_address>0x1e74</run_address>
         <size>0x8b</size>
         <input_file_ref idref="fl-2"/>
      </object_component>
      <object_component id="oc-ad">
         <name>.debug_info</name>
         <load_address>0x1eff</load_address>
         <run_address>0x1eff</run_address>
         <size>0x2a4</size>
         <input_file_ref idref="fl-2"/>
      </object_component>
      <object_component id="oc-13c">
         <name>.debug_info</name>
         <load_address>0x21a3</load_address>
         <run_address>0x21a3</run_address>
         <size>0xef</size>
         <input_file_ref idref="fl-2"/>
      </object_component>
      <object_component id="oc-75">
         <name>.debug_info</name>
         <load_address>0x2292</load_address>
         <run_address>0x2292</run_address>
         <size>0xbb</size>
         <input_file_ref idref="fl-2"/>
      </object_component>
      <object_component id="oc-17e">
         <name>.debug_info</name>
         <load_address>0x234d</load_address>
         <run_address>0x234d</run_address>
         <size>0x33e</size>
         <input_file_ref idref="fl-3"/>
      </object_component>
      <object_component id="oc-175">
         <name>.debug_info</name>
         <load_address>0x268b</load_address>
         <run_address>0x268b</run_address>
         <size>0xde</size>
         <input_file_ref idref="fl-3"/>
      </object_component>
      <object_component id="oc-178">
         <name>.debug_info</name>
         <load_address>0x2769</load_address>
         <run_address>0x2769</run_address>
         <size>0xe0</size>
         <input_file_ref idref="fl-3"/>
      </object_component>
      <object_component id="oc-17b">
         <name>.debug_info</name>
         <load_address>0x2849</load_address>
         <run_address>0x2849</run_address>
         <size>0xd2</size>
         <input_file_ref idref="fl-3"/>
      </object_component>
      <object_component id="oc-db">
         <name>.debug_info</name>
         <load_address>0x291b</load_address>
         <run_address>0x291b</run_address>
         <size>0x2d2d</size>
         <input_file_ref idref="fl-3"/>
      </object_component>
      <object_component id="oc-1ad">
         <name>.debug_info</name>
         <load_address>0x5648</load_address>
         <run_address>0x5648</run_address>
         <size>0x31b</size>
         <input_file_ref idref="fl-4"/>
      </object_component>
      <object_component id="oc-18f">
         <name>.debug_info</name>
         <load_address>0x5963</load_address>
         <run_address>0x5963</run_address>
         <size>0xcd</size>
         <input_file_ref idref="fl-4"/>
      </object_component>
      <object_component id="oc-19e">
         <name>.debug_info</name>
         <load_address>0x5a30</load_address>
         <run_address>0x5a30</run_address>
         <size>0xc5</size>
         <input_file_ref idref="fl-4"/>
      </object_component>
      <object_component id="oc-1a1">
         <name>.debug_info</name>
         <load_address>0x5af5</load_address>
         <run_address>0x5af5</run_address>
         <size>0xc9</size>
         <input_file_ref idref="fl-4"/>
      </object_component>
      <object_component id="oc-1a4">
         <name>.debug_info</name>
         <load_address>0x5bbe</load_address>
         <run_address>0x5bbe</run_address>
         <size>0xcf</size>
         <input_file_ref idref="fl-4"/>
      </object_component>
      <object_component id="oc-1a7">
         <name>.debug_info</name>
         <load_address>0x5c8d</load_address>
         <run_address>0x5c8d</run_address>
         <size>0xcd</size>
         <input_file_ref idref="fl-4"/>
      </object_component>
      <object_component id="oc-1aa">
         <name>.debug_info</name>
         <load_address>0x5d5a</load_address>
         <run_address>0x5d5a</run_address>
         <size>0xd1</size>
         <input_file_ref idref="fl-4"/>
      </object_component>
      <object_component id="oc-18c">
         <name>.debug_info</name>
         <load_address>0x5e2b</load_address>
         <run_address>0x5e2b</run_address>
         <size>0xce</size>
         <input_file_ref idref="fl-4"/>
      </object_component>
      <object_component id="oc-e1">
         <name>.debug_info</name>
         <load_address>0x5ef9</load_address>
         <run_address>0x5ef9</run_address>
         <size>0xb7a</size>
         <input_file_ref idref="fl-4"/>
      </object_component>
      <object_component id="oc-ea">
         <name>.debug_info</name>
         <load_address>0x6a73</load_address>
         <run_address>0x6a73</run_address>
         <size>0x646</size>
         <input_file_ref idref="fl-5"/>
      </object_component>
      <object_component id="oc-e7">
         <name>.debug_info</name>
         <load_address>0x70b9</load_address>
         <run_address>0x70b9</run_address>
         <size>0xf3</size>
         <input_file_ref idref="fl-5"/>
      </object_component>
      <object_component id="oc-f0">
         <name>.debug_info</name>
         <load_address>0x71ac</load_address>
         <run_address>0x71ac</run_address>
         <size>0xbb</size>
         <input_file_ref idref="fl-5"/>
      </object_component>
      <object_component id="oc-9c">
         <name>.debug_info</name>
         <load_address>0x7267</load_address>
         <run_address>0x7267</run_address>
         <size>0x3eb</size>
         <input_file_ref idref="fl-5"/>
      </object_component>
      <object_component id="oc-15a">
         <name>.debug_info</name>
         <load_address>0x7652</load_address>
         <run_address>0x7652</run_address>
         <size>0x2c</size>
         <input_file_ref idref="fl-5"/>
      </object_component>
      <object_component id="oc-173">
         <name>.debug_info</name>
         <load_address>0x767e</load_address>
         <run_address>0x767e</run_address>
         <size>0x3a0</size>
         <input_file_ref idref="fl-6"/>
      </object_component>
      <object_component id="oc-169">
         <name>.debug_info</name>
         <load_address>0x7a1e</load_address>
         <run_address>0x7a1e</run_address>
         <size>0xc4</size>
         <input_file_ref idref="fl-6"/>
      </object_component>
      <object_component id="oc-16f">
         <name>.debug_info</name>
         <load_address>0x7ae2</load_address>
         <run_address>0x7ae2</run_address>
         <size>0xd0</size>
         <input_file_ref idref="fl-6"/>
      </object_component>
      <object_component id="oc-160">
         <name>.debug_info</name>
         <load_address>0x7bb2</load_address>
         <run_address>0x7bb2</run_address>
         <size>0xca</size>
         <input_file_ref idref="fl-6"/>
      </object_component>
      <object_component id="oc-16c">
         <name>.debug_info</name>
         <load_address>0x7c7c</load_address>
         <run_address>0x7c7c</run_address>
         <size>0xd7</size>
         <input_file_ref idref="fl-6"/>
      </object_component>
      <object_component id="oc-d7">
         <name>.debug_info</name>
         <load_address>0x7d53</load_address>
         <run_address>0x7d53</run_address>
         <size>0x26a0</size>
         <input_file_ref idref="fl-6"/>
      </object_component>
      <object_component id="oc-1fa">
         <name>.debug_info</name>
         <load_address>0xa3f3</load_address>
         <run_address>0xa3f3</run_address>
         <size>0x51</size>
         <input_file_ref idref="fl-6"/>
      </object_component>
      <object_component id="oc-2f">
         <name>.debug_info</name>
         <load_address>0xa444</load_address>
         <run_address>0xa444</run_address>
         <size>0x298</size>
         <input_file_ref idref="fl-7"/>
      </object_component>
      <object_component id="oc-13">
         <name>.debug_info</name>
         <load_address>0xa6dc</load_address>
         <run_address>0xa6dc</run_address>
         <size>0xd7</size>
         <input_file_ref idref="fl-7"/>
      </object_component>
      <object_component id="oc-29">
         <name>.debug_info</name>
         <load_address>0xa7b3</load_address>
         <run_address>0xa7b3</run_address>
         <size>0x253</size>
         <input_file_ref idref="fl-7"/>
      </object_component>
      <object_component id="oc-36">
         <name>.debug_info</name>
         <load_address>0xaa06</load_address>
         <run_address>0xaa06</run_address>
         <size>0x84</size>
         <input_file_ref idref="fl-7"/>
      </object_component>
      <object_component id="oc-1dd">
         <name>.debug_info</name>
         <load_address>0xaa8a</load_address>
         <run_address>0xaa8a</run_address>
         <size>0x320</size>
         <input_file_ref idref="fl-8"/>
      </object_component>
      <object_component id="oc-1d7">
         <name>.debug_info</name>
         <load_address>0xadaa</load_address>
         <run_address>0xadaa</run_address>
         <size>0xce</size>
         <input_file_ref idref="fl-8"/>
      </object_component>
      <object_component id="oc-1da">
         <name>.debug_info</name>
         <load_address>0xae78</load_address>
         <run_address>0xae78</run_address>
         <size>0xe0</size>
         <input_file_ref idref="fl-8"/>
      </object_component>
      <object_component id="oc-142">
         <name>.debug_info</name>
         <load_address>0xaf58</load_address>
         <run_address>0xaf58</run_address>
         <size>0x2320</size>
         <input_file_ref idref="fl-8"/>
      </object_component>
      <object_component id="oc-159">
         <name>.debug_info</name>
         <load_address>0xd278</load_address>
         <run_address>0xd278</run_address>
         <size>0x3cc</size>
         <input_file_ref idref="fl-9"/>
      </object_component>
      <object_component id="oc-14b">
         <name>.debug_info</name>
         <load_address>0xd644</load_address>
         <run_address>0xd644</run_address>
         <size>0xc3</size>
         <input_file_ref idref="fl-9"/>
      </object_component>
      <object_component id="oc-156">
         <name>.debug_info</name>
         <load_address>0xd707</load_address>
         <run_address>0xd707</run_address>
         <size>0xbd</size>
         <input_file_ref idref="fl-9"/>
      </object_component>
      <object_component id="oc-14e">
         <name>.debug_info</name>
         <load_address>0xd7c4</load_address>
         <run_address>0xd7c4</run_address>
         <size>0xcb</size>
         <input_file_ref idref="fl-9"/>
      </object_component>
      <object_component id="oc-148">
         <name>.debug_info</name>
         <load_address>0xd88f</load_address>
         <run_address>0xd88f</run_address>
         <size>0xcf</size>
         <input_file_ref idref="fl-9"/>
      </object_component>
      <object_component id="oc-d1">
         <name>.debug_info</name>
         <load_address>0xd95e</load_address>
         <run_address>0xd95e</run_address>
         <size>0x76c</size>
         <input_file_ref idref="fl-9"/>
      </object_component>
      <object_component id="oc-151">
         <name>.debug_info</name>
         <load_address>0xe0ca</load_address>
         <run_address>0xe0ca</run_address>
         <size>0x142</size>
         <input_file_ref idref="fl-c4"/>
      </object_component>
      <object_component id="oc-8e">
         <name>.debug_info</name>
         <load_address>0xe20c</load_address>
         <run_address>0xe20c</run_address>
         <size>0x2d4</size>
         <input_file_ref idref="fl-c5"/>
      </object_component>
      <object_component id="oc-4b">
         <name>.debug_info</name>
         <load_address>0xe4e0</load_address>
         <run_address>0xe4e0</run_address>
         <size>0x1d2</size>
         <input_file_ref idref="fl-c5"/>
      </object_component>
      <object_component id="oc-89">
         <name>.debug_info</name>
         <load_address>0xe6b2</load_address>
         <run_address>0xe6b2</run_address>
         <size>0x46</size>
         <input_file_ref idref="fl-c5"/>
      </object_component>
      <object_component id="oc-bf">
         <name>.debug_info</name>
         <load_address>0xe6f8</load_address>
         <run_address>0xe6f8</run_address>
         <size>0x2c</size>
         <input_file_ref idref="fl-c5"/>
      </object_component>
      <object_component id="oc-46">
         <name>.debug_info</name>
         <load_address>0xe724</load_address>
         <run_address>0xe724</run_address>
         <size>0x2a8</size>
         <input_file_ref idref="fl-c6"/>
      </object_component>
      <object_component id="oc-1c">
         <name>.debug_info</name>
         <load_address>0xe9cc</load_address>
         <run_address>0xe9cc</run_address>
         <size>0x1ea</size>
         <input_file_ref idref="fl-c6"/>
      </object_component>
      <object_component id="oc-41">
         <name>.debug_info</name>
         <load_address>0xebb6</load_address>
         <run_address>0xebb6</run_address>
         <size>0x46</size>
         <input_file_ref idref="fl-c6"/>
      </object_component>
      <object_component id="oc-81">
         <name>.debug_info</name>
         <load_address>0xebfc</load_address>
         <run_address>0xebfc</run_address>
         <size>0x2c</size>
         <input_file_ref idref="fl-c6"/>
      </object_component>
      <object_component id="oc-7f">
         <name>.debug_info</name>
         <load_address>0xec28</load_address>
         <run_address>0xec28</run_address>
         <size>0x29e</size>
         <input_file_ref idref="fl-c7"/>
      </object_component>
      <object_component id="oc-17">
         <name>.debug_info</name>
         <load_address>0xeec6</load_address>
         <run_address>0xeec6</run_address>
         <size>0x250</size>
         <input_file_ref idref="fl-c7"/>
      </object_component>
      <object_component id="oc-31">
         <name>.debug_info</name>
         <load_address>0xf116</load_address>
         <run_address>0xf116</run_address>
         <size>0x60</size>
         <input_file_ref idref="fl-c7"/>
      </object_component>
      <object_component id="oc-b8">
         <name>.debug_info</name>
         <load_address>0xf176</load_address>
         <run_address>0xf176</run_address>
         <size>0x46</size>
         <input_file_ref idref="fl-c7"/>
      </object_component>
      <object_component id="oc-7a">
         <name>.debug_info</name>
         <load_address>0xf1bc</load_address>
         <run_address>0xf1bc</run_address>
         <size>0x39</size>
         <input_file_ref idref="fl-c7"/>
      </object_component>
      <object_component id="oc-25">
         <name>.debug_info</name>
         <load_address>0xf1f5</load_address>
         <run_address>0xf1f5</run_address>
         <size>0x10b</size>
         <input_file_ref idref="fl-c8"/>
      </object_component>
      <object_component id="oc-5a">
         <name>.debug_info</name>
         <load_address>0xf300</load_address>
         <run_address>0xf300</run_address>
         <size>0x1a9</size>
         <input_file_ref idref="fl-c8"/>
      </object_component>
      <object_component id="oc-1e6">
         <name>.debug_info</name>
         <load_address>0xf4a9</load_address>
         <run_address>0xf4a9</run_address>
         <size>0x115</size>
         <input_file_ref idref="fl-c9"/>
      </object_component>
      <object_component id="oc-3c">
         <name>.debug_info</name>
         <load_address>0xf5be</load_address>
         <run_address>0xf5be</run_address>
         <size>0x119</size>
         <input_file_ref idref="fl-ca"/>
      </object_component>
      <object_component id="oc-1bf">
         <name>.debug_info</name>
         <load_address>0xf6d7</load_address>
         <run_address>0xf6d7</run_address>
         <size>0x4b3</size>
         <input_file_ref idref="fl-cc"/>
      </object_component>
      <object_component id="oc-105">
         <name>.debug_info</name>
         <load_address>0xfb8a</load_address>
         <run_address>0xfb8a</run_address>
         <size>0x1a6</size>
         <input_file_ref idref="fl-cc"/>
      </object_component>
      <object_component id="oc-22f">
         <name>.debug_info</name>
         <load_address>0xfd30</load_address>
         <run_address>0xfd30</run_address>
         <size>0x39</size>
         <input_file_ref idref="fl-cc"/>
      </object_component>
      <object_component id="oc-24f">
         <name>.debug_info</name>
         <load_address>0xfd69</load_address>
         <run_address>0xfd69</run_address>
         <size>0x39</size>
         <input_file_ref idref="fl-cc"/>
      </object_component>
      <object_component id="oc-234">
         <name>.debug_info</name>
         <load_address>0xfda2</load_address>
         <run_address>0xfda2</run_address>
         <size>0x39</size>
         <input_file_ref idref="fl-cc"/>
      </object_component>
      <object_component id="oc-239">
         <name>.debug_info</name>
         <load_address>0xfddb</load_address>
         <run_address>0xfddb</run_address>
         <size>0xcd</size>
         <input_file_ref idref="fl-cc"/>
      </object_component>
      <object_component id="oc-97">
         <name>.debug_info</name>
         <load_address>0xfea8</load_address>
         <run_address>0xfea8</run_address>
         <size>0x153</size>
         <input_file_ref idref="fl-cd"/>
      </object_component>
      <object_component id="oc-f9">
         <name>.debug_info</name>
         <load_address>0xfffb</load_address>
         <run_address>0xfffb</run_address>
         <size>0x122</size>
         <input_file_ref idref="fl-cf"/>
      </object_component>
      <object_component id="oc-25b">
         <name>.debug_info</name>
         <load_address>0x1011d</load_address>
         <run_address>0x1011d</run_address>
         <size>0x2d7</size>
         <input_file_ref idref="fl-d2"/>
      </object_component>
      <object_component id="oc-163">
         <name>.debug_info</name>
         <load_address>0x103f4</load_address>
         <run_address>0x103f4</run_address>
         <size>0x213</size>
         <input_file_ref idref="fl-d2"/>
      </object_component>
      <object_component id="oc-181">
         <name>.debug_info</name>
         <load_address>0x10607</load_address>
         <run_address>0x10607</run_address>
         <size>0x21b</size>
         <input_file_ref idref="fl-d2"/>
      </object_component>
      <object_component id="oc-188">
         <name>.debug_info</name>
         <load_address>0x10822</load_address>
         <run_address>0x10822</run_address>
         <size>0x218</size>
         <input_file_ref idref="fl-d2"/>
      </object_component>
      <object_component id="oc-194">
         <name>.debug_info</name>
         <load_address>0x10a3a</load_address>
         <run_address>0x10a3a</run_address>
         <size>0x246</size>
         <input_file_ref idref="fl-d2"/>
      </object_component>
      <object_component id="oc-198">
         <name>.debug_info</name>
         <load_address>0x10c80</load_address>
         <run_address>0x10c80</run_address>
         <size>0x225</size>
         <input_file_ref idref="fl-d2"/>
      </object_component>
      <object_component id="oc-25e">
         <name>.debug_info</name>
         <load_address>0x10ea5</load_address>
         <run_address>0x10ea5</run_address>
         <size>0x26b</size>
         <input_file_ref idref="fl-d2"/>
      </object_component>
      <object_component id="oc-247">
         <name>.debug_info</name>
         <load_address>0x11110</load_address>
         <run_address>0x11110</run_address>
         <size>0x297</size>
         <input_file_ref idref="fl-d2"/>
      </object_component>
      <object_component id="oc-207">
         <name>.debug_info</name>
         <load_address>0x113a7</load_address>
         <run_address>0x113a7</run_address>
         <size>0xbb</size>
         <input_file_ref idref="fl-d2"/>
      </object_component>
      <object_component id="oc-293">
         <name>.debug_info</name>
         <load_address>0x11462</load_address>
         <run_address>0x11462</run_address>
         <size>0x8a</size>
      </object_component>
      <object_component id="oc-137">
         <name>.debug_line</name>
         <load_address>0x0</load_address>
         <run_address>0x0</run_address>
         <size>0x5b</size>
         <input_file_ref idref="fl-2"/>
      </object_component>
      <object_component id="oc-1d5">
         <name>.debug_line</name>
         <load_address>0x5b</load_address>
         <run_address>0x5b</run_address>
         <size>0x2c</size>
         <input_file_ref idref="fl-2"/>
      </object_component>
      <object_component id="oc-c9">
         <name>.debug_line</name>
         <load_address>0x87</load_address>
         <run_address>0x87</run_address>
         <size>0x63a</size>
         <input_file_ref idref="fl-2"/>
      </object_component>
      <object_component id="oc-f6">
         <name>.debug_line</name>
         <load_address>0x6c1</load_address>
         <run_address>0x6c1</run_address>
         <size>0x55</size>
         <input_file_ref idref="fl-2"/>
      </object_component>
      <object_component id="oc-73">
         <name>.debug_line</name>
         <load_address>0x716</load_address>
         <run_address>0x716</run_address>
         <size>0x6f</size>
         <input_file_ref idref="fl-2"/>
      </object_component>
      <object_component id="oc-b5">
         <name>.debug_line</name>
         <load_address>0x785</load_address>
         <run_address>0x785</run_address>
         <size>0x20</size>
         <input_file_ref idref="fl-2"/>
      </object_component>
      <object_component id="oc-b0">
         <name>.debug_line</name>
         <load_address>0x7a5</load_address>
         <run_address>0x7a5</run_address>
         <size>0x73</size>
         <input_file_ref idref="fl-2"/>
      </object_component>
      <object_component id="oc-13f">
         <name>.debug_line</name>
         <load_address>0x818</load_address>
         <run_address>0x818</run_address>
         <size>0x6f</size>
         <input_file_ref idref="fl-2"/>
      </object_component>
      <object_component id="oc-78">
         <name>.debug_line</name>
         <load_address>0x887</load_address>
         <run_address>0x887</run_address>
         <size>0x70</size>
         <input_file_ref idref="fl-2"/>
      </object_component>
      <object_component id="oc-205">
         <name>.debug_line</name>
         <load_address>0x8f7</load_address>
         <run_address>0x8f7</run_address>
         <size>0x5b</size>
         <input_file_ref idref="fl-3"/>
      </object_component>
      <object_component id="oc-1ff">
         <name>.debug_line</name>
         <load_address>0x952</load_address>
         <run_address>0x952</run_address>
         <size>0x2d</size>
         <input_file_ref idref="fl-3"/>
      </object_component>
      <object_component id="oc-201">
         <name>.debug_line</name>
         <load_address>0x97f</load_address>
         <run_address>0x97f</run_address>
         <size>0x2d</size>
         <input_file_ref idref="fl-3"/>
      </object_component>
      <object_component id="oc-203">
         <name>.debug_line</name>
         <load_address>0x9ac</load_address>
         <run_address>0x9ac</run_address>
         <size>0x2d</size>
         <input_file_ref idref="fl-3"/>
      </object_component>
      <object_component id="oc-de">
         <name>.debug_line</name>
         <load_address>0x9d9</load_address>
         <run_address>0x9d9</run_address>
         <size>0x623</size>
         <input_file_ref idref="fl-3"/>
      </object_component>
      <object_component id="oc-21e">
         <name>.debug_line</name>
         <load_address>0xffc</load_address>
         <run_address>0xffc</run_address>
         <size>0x55</size>
         <input_file_ref idref="fl-4"/>
      </object_component>
      <object_component id="oc-210">
         <name>.debug_line</name>
         <load_address>0x1051</load_address>
         <run_address>0x1051</run_address>
         <size>0x32</size>
         <input_file_ref idref="fl-4"/>
      </object_component>
      <object_component id="oc-214">
         <name>.debug_line</name>
         <load_address>0x1083</load_address>
         <run_address>0x1083</run_address>
         <size>0x32</size>
         <input_file_ref idref="fl-4"/>
      </object_component>
      <object_component id="oc-216">
         <name>.debug_line</name>
         <load_address>0x10b5</load_address>
         <run_address>0x10b5</run_address>
         <size>0x32</size>
         <input_file_ref idref="fl-4"/>
      </object_component>
      <object_component id="oc-218">
         <name>.debug_line</name>
         <load_address>0x10e7</load_address>
         <run_address>0x10e7</run_address>
         <size>0x32</size>
         <input_file_ref idref="fl-4"/>
      </object_component>
      <object_component id="oc-21a">
         <name>.debug_line</name>
         <load_address>0x1119</load_address>
         <run_address>0x1119</run_address>
         <size>0x32</size>
         <input_file_ref idref="fl-4"/>
      </object_component>
      <object_component id="oc-21c">
         <name>.debug_line</name>
         <load_address>0x114b</load_address>
         <run_address>0x114b</run_address>
         <size>0x32</size>
         <input_file_ref idref="fl-4"/>
      </object_component>
      <object_component id="oc-20e">
         <name>.debug_line</name>
         <load_address>0x117d</load_address>
         <run_address>0x117d</run_address>
         <size>0x32</size>
         <input_file_ref idref="fl-4"/>
      </object_component>
      <object_component id="oc-e4">
         <name>.debug_line</name>
         <load_address>0x11af</load_address>
         <run_address>0x11af</run_address>
         <size>0x2b0</size>
         <input_file_ref idref="fl-4"/>
      </object_component>
      <object_component id="oc-1b1">
         <name>.debug_line</name>
         <load_address>0x145f</load_address>
         <run_address>0x145f</run_address>
         <size>0x79</size>
         <input_file_ref idref="fl-5"/>
      </object_component>
      <object_component id="oc-1af">
         <name>.debug_line</name>
         <load_address>0x14d8</load_address>
         <run_address>0x14d8</run_address>
         <size>0x2d</size>
         <input_file_ref idref="fl-5"/>
      </object_component>
      <object_component id="oc-1b3">
         <name>.debug_line</name>
         <load_address>0x1505</load_address>
         <run_address>0x1505</run_address>
         <size>0x2d</size>
         <input_file_ref idref="fl-5"/>
      </object_component>
      <object_component id="oc-9f">
         <name>.debug_line</name>
         <load_address>0x1532</load_address>
         <run_address>0x1532</run_address>
         <size>0xdd</size>
         <input_file_ref idref="fl-5"/>
      </object_component>
      <object_component id="oc-15d">
         <name>.debug_line</name>
         <load_address>0x160f</load_address>
         <run_address>0x160f</run_address>
         <size>0x6b</size>
         <input_file_ref idref="fl-5"/>
      </object_component>
      <object_component id="oc-1f9">
         <name>.debug_line</name>
         <load_address>0x167a</load_address>
         <run_address>0x167a</run_address>
         <size>0xc8</size>
         <input_file_ref idref="fl-6"/>
      </object_component>
      <object_component id="oc-1f3">
         <name>.debug_line</name>
         <load_address>0x1742</load_address>
         <run_address>0x1742</run_address>
         <size>0x2f</size>
         <input_file_ref idref="fl-6"/>
      </object_component>
      <object_component id="oc-1f7">
         <name>.debug_line</name>
         <load_address>0x1771</load_address>
         <run_address>0x1771</run_address>
         <size>0x2f</size>
         <input_file_ref idref="fl-6"/>
      </object_component>
      <object_component id="oc-1f0">
         <name>.debug_line</name>
         <load_address>0x17a0</load_address>
         <run_address>0x17a0</run_address>
         <size>0x2f</size>
         <input_file_ref idref="fl-6"/>
      </object_component>
      <object_component id="oc-1f5">
         <name>.debug_line</name>
         <load_address>0x17cf</load_address>
         <run_address>0x17cf</run_address>
         <size>0x2f</size>
         <input_file_ref idref="fl-6"/>
      </object_component>
      <object_component id="oc-d5">
         <name>.debug_line</name>
         <load_address>0x17fe</load_address>
         <run_address>0x17fe</run_address>
         <size>0x96d</size>
         <input_file_ref idref="fl-6"/>
      </object_component>
      <object_component id="oc-1fc">
         <name>.debug_line</name>
         <load_address>0x216b</load_address>
         <run_address>0x216b</run_address>
         <size>0x2f</size>
         <input_file_ref idref="fl-6"/>
      </object_component>
      <object_component id="oc-6f">
         <name>.debug_line</name>
         <load_address>0x219a</load_address>
         <run_address>0x219a</run_address>
         <size>0x41</size>
         <input_file_ref idref="fl-7"/>
      </object_component>
      <object_component id="oc-2e">
         <name>.debug_line</name>
         <load_address>0x21db</load_address>
         <run_address>0x21db</run_address>
         <size>0x41</size>
         <input_file_ref idref="fl-7"/>
      </object_component>
      <object_component id="oc-28">
         <name>.debug_line</name>
         <load_address>0x221c</load_address>
         <run_address>0x221c</run_address>
         <size>0xa1</size>
         <input_file_ref idref="fl-7"/>
      </object_component>
      <object_component id="oc-39">
         <name>.debug_line</name>
         <load_address>0x22bd</load_address>
         <run_address>0x22bd</run_address>
         <size>0x20</size>
         <input_file_ref idref="fl-7"/>
      </object_component>
      <object_component id="oc-245">
         <name>.debug_line</name>
         <load_address>0x22dd</load_address>
         <run_address>0x22dd</run_address>
         <size>0x5b</size>
         <input_file_ref idref="fl-8"/>
      </object_component>
      <object_component id="oc-241">
         <name>.debug_line</name>
         <load_address>0x2338</load_address>
         <run_address>0x2338</run_address>
         <size>0x2d</size>
         <input_file_ref idref="fl-8"/>
      </object_component>
      <object_component id="oc-243">
         <name>.debug_line</name>
         <load_address>0x2365</load_address>
         <run_address>0x2365</run_address>
         <size>0x2d</size>
         <input_file_ref idref="fl-8"/>
      </object_component>
      <object_component id="oc-145">
         <name>.debug_line</name>
         <load_address>0x2392</load_address>
         <run_address>0x2392</run_address>
         <size>0x5a5</size>
         <input_file_ref idref="fl-8"/>
      </object_component>
      <object_component id="oc-1ee">
         <name>.debug_line</name>
         <load_address>0x2937</load_address>
         <run_address>0x2937</run_address>
         <size>0x8e</size>
         <input_file_ref idref="fl-9"/>
      </object_component>
      <object_component id="oc-1e1">
         <name>.debug_line</name>
         <load_address>0x29c5</load_address>
         <run_address>0x29c5</run_address>
         <size>0x32</size>
         <input_file_ref idref="fl-9"/>
      </object_component>
      <object_component id="oc-1ec">
         <name>.debug_line</name>
         <load_address>0x29f7</load_address>
         <run_address>0x29f7</run_address>
         <size>0x32</size>
         <input_file_ref idref="fl-9"/>
      </object_component>
      <object_component id="oc-1e3">
         <name>.debug_line</name>
         <load_address>0x2a29</load_address>
         <run_address>0x2a29</run_address>
         <size>0x32</size>
         <input_file_ref idref="fl-9"/>
      </object_component>
      <object_component id="oc-1df">
         <name>.debug_line</name>
         <load_address>0x2a5b</load_address>
         <run_address>0x2a5b</run_address>
         <size>0x32</size>
         <input_file_ref idref="fl-9"/>
      </object_component>
      <object_component id="oc-cf">
         <name>.debug_line</name>
         <load_address>0x2a8d</load_address>
         <run_address>0x2a8d</run_address>
         <size>0x26f</size>
         <input_file_ref idref="fl-9"/>
      </object_component>
      <object_component id="oc-154">
         <name>.debug_line</name>
         <load_address>0x2cfc</load_address>
         <run_address>0x2cfc</run_address>
         <size>0x5b</size>
         <input_file_ref idref="fl-c4"/>
      </object_component>
      <object_component id="oc-c5">
         <name>.debug_line</name>
         <load_address>0x2d57</load_address>
         <run_address>0x2d57</run_address>
         <size>0x92</size>
         <input_file_ref idref="fl-c5"/>
      </object_component>
      <object_component id="oc-4a">
         <name>.debug_line</name>
         <load_address>0x2de9</load_address>
         <run_address>0x2de9</run_address>
         <size>0x4c</size>
         <input_file_ref idref="fl-c5"/>
      </object_component>
      <object_component id="oc-8c">
         <name>.debug_line</name>
         <load_address>0x2e35</load_address>
         <run_address>0x2e35</run_address>
         <size>0x34</size>
         <input_file_ref idref="fl-c5"/>
      </object_component>
      <object_component id="oc-c2">
         <name>.debug_line</name>
         <load_address>0x2e69</load_address>
         <run_address>0x2e69</run_address>
         <size>0x92</size>
         <input_file_ref idref="fl-c5"/>
      </object_component>
      <object_component id="oc-87">
         <name>.debug_line</name>
         <load_address>0x2efb</load_address>
         <run_address>0x2efb</run_address>
         <size>0x20</size>
         <input_file_ref idref="fl-c6"/>
      </object_component>
      <object_component id="oc-1f">
         <name>.debug_line</name>
         <load_address>0x2f1b</load_address>
         <run_address>0x2f1b</run_address>
         <size>0x55</size>
         <input_file_ref idref="fl-c6"/>
      </object_component>
      <object_component id="oc-44">
         <name>.debug_line</name>
         <load_address>0x2f70</load_address>
         <run_address>0x2f70</run_address>
         <size>0x3a</size>
         <input_file_ref idref="fl-c6"/>
      </object_component>
      <object_component id="oc-84">
         <name>.debug_line</name>
         <load_address>0x2faa</load_address>
         <run_address>0x2faa</run_address>
         <size>0x92</size>
         <input_file_ref idref="fl-c6"/>
      </object_component>
      <object_component id="oc-be">
         <name>.debug_line</name>
         <load_address>0x303c</load_address>
         <run_address>0x303c</run_address>
         <size>0x20</size>
         <input_file_ref idref="fl-c7"/>
      </object_component>
      <object_component id="oc-16">
         <name>.debug_line</name>
         <load_address>0x305c</load_address>
         <run_address>0x305c</run_address>
         <size>0xa9</size>
         <input_file_ref idref="fl-c7"/>
      </object_component>
      <object_component id="oc-34">
         <name>.debug_line</name>
         <load_address>0x3105</load_address>
         <run_address>0x3105</run_address>
         <size>0x3a</size>
         <input_file_ref idref="fl-c7"/>
      </object_component>
      <object_component id="oc-bb">
         <name>.debug_line</name>
         <load_address>0x313f</load_address>
         <run_address>0x313f</run_address>
         <size>0x9a</size>
         <input_file_ref idref="fl-c7"/>
      </object_component>
      <object_component id="oc-7d">
         <name>.debug_line</name>
         <load_address>0x31d9</load_address>
         <run_address>0x31d9</run_address>
         <size>0x96</size>
         <input_file_ref idref="fl-c7"/>
      </object_component>
      <object_component id="oc-6c">
         <name>.debug_line</name>
         <load_address>0x326f</load_address>
         <run_address>0x326f</run_address>
         <size>0x33</size>
         <input_file_ref idref="fl-c8"/>
      </object_component>
      <object_component id="oc-5d">
         <name>.debug_line</name>
         <load_address>0x32a2</load_address>
         <run_address>0x32a2</run_address>
         <size>0x45</size>
         <input_file_ref idref="fl-c8"/>
      </object_component>
      <object_component id="oc-1e5">
         <name>.debug_line</name>
         <load_address>0x32e7</load_address>
         <run_address>0x32e7</run_address>
         <size>0x37</size>
         <input_file_ref idref="fl-c9"/>
      </object_component>
      <object_component id="oc-3f">
         <name>.debug_line</name>
         <load_address>0x331e</load_address>
         <run_address>0x331e</run_address>
         <size>0x88</size>
         <input_file_ref idref="fl-ca"/>
      </object_component>
      <object_component id="oc-22e">
         <name>.debug_line</name>
         <load_address>0x33a6</load_address>
         <run_address>0x33a6</run_address>
         <size>0xbf</size>
         <input_file_ref idref="fl-cc"/>
      </object_component>
      <object_component id="oc-108">
         <name>.debug_line</name>
         <load_address>0x3465</load_address>
         <run_address>0x3465</run_address>
         <size>0x6f</size>
         <input_file_ref idref="fl-cc"/>
      </object_component>
      <object_component id="oc-232">
         <name>.debug_line</name>
         <load_address>0x34d4</load_address>
         <run_address>0x34d4</run_address>
         <size>0x2e</size>
         <input_file_ref idref="fl-cc"/>
      </object_component>
      <object_component id="oc-252">
         <name>.debug_line</name>
         <load_address>0x3502</load_address>
         <run_address>0x3502</run_address>
         <size>0x9a</size>
         <input_file_ref idref="fl-cc"/>
      </object_component>
      <object_component id="oc-237">
         <name>.debug_line</name>
         <load_address>0x359c</load_address>
         <run_address>0x359c</run_address>
         <size>0x97</size>
         <input_file_ref idref="fl-cc"/>
      </object_component>
      <object_component id="oc-23c">
         <name>.debug_line</name>
         <load_address>0x3633</load_address>
         <run_address>0x3633</run_address>
         <size>0x93</size>
         <input_file_ref idref="fl-cc"/>
      </object_component>
      <object_component id="oc-9a">
         <name>.debug_line</name>
         <load_address>0x36c6</load_address>
         <run_address>0x36c6</run_address>
         <size>0x40</size>
         <input_file_ref idref="fl-cd"/>
      </object_component>
      <object_component id="oc-fd">
         <name>.debug_line</name>
         <load_address>0x3706</load_address>
         <run_address>0x3706</run_address>
         <size>0x3c</size>
         <input_file_ref idref="fl-cf"/>
      </object_component>
      <object_component id="oc-25d">
         <name>.debug_line</name>
         <load_address>0x3742</load_address>
         <run_address>0x3742</run_address>
         <size>0x20</size>
         <input_file_ref idref="fl-d2"/>
      </object_component>
      <object_component id="oc-167">
         <name>.debug_line</name>
         <load_address>0x3762</load_address>
         <run_address>0x3762</run_address>
         <size>0x8e</size>
         <input_file_ref idref="fl-d2"/>
      </object_component>
      <object_component id="oc-184">
         <name>.debug_line</name>
         <load_address>0x37f0</load_address>
         <run_address>0x37f0</run_address>
         <size>0x91</size>
         <input_file_ref idref="fl-d2"/>
      </object_component>
      <object_component id="oc-187">
         <name>.debug_line</name>
         <load_address>0x3881</load_address>
         <run_address>0x3881</run_address>
         <size>0x91</size>
         <input_file_ref idref="fl-d2"/>
      </object_component>
      <object_component id="oc-192">
         <name>.debug_line</name>
         <load_address>0x3912</load_address>
         <run_address>0x3912</run_address>
         <size>0x8e</size>
         <input_file_ref idref="fl-d2"/>
      </object_component>
      <object_component id="oc-19b">
         <name>.debug_line</name>
         <load_address>0x39a0</load_address>
         <run_address>0x39a0</run_address>
         <size>0x91</size>
         <input_file_ref idref="fl-d2"/>
      </object_component>
      <object_component id="oc-261">
         <name>.debug_line</name>
         <load_address>0x3a31</load_address>
         <run_address>0x3a31</run_address>
         <size>0x71</size>
         <input_file_ref idref="fl-d2"/>
      </object_component>
      <object_component id="oc-24a">
         <name>.debug_line</name>
         <load_address>0x3aa2</load_address>
         <run_address>0x3aa2</run_address>
         <size>0x75</size>
         <input_file_ref idref="fl-d2"/>
      </object_component>
      <object_component id="oc-20a">
         <name>.debug_line</name>
         <load_address>0x3b17</load_address>
         <run_address>0x3b17</run_address>
         <size>0x72</size>
         <input_file_ref idref="fl-d2"/>
      </object_component>
      <object_component id="oc-cb">
         <name>.debug_frame</name>
         <load_address>0x0</load_address>
         <run_address>0x0</run_address>
         <size>0x268</size>
         <input_file_ref idref="fl-2"/>
      </object_component>
      <object_component id="oc-df">
         <name>.debug_frame</name>
         <load_address>0x268</load_address>
         <run_address>0x268</run_address>
         <size>0x564</size>
         <input_file_ref idref="fl-3"/>
      </object_component>
      <object_component id="oc-e5">
         <name>.debug_frame</name>
         <load_address>0x7cc</load_address>
         <run_address>0x7cc</run_address>
         <size>0x1d4</size>
         <input_file_ref idref="fl-4"/>
      </object_component>
      <object_component id="oc-a0">
         <name>.debug_frame</name>
         <load_address>0x9a0</load_address>
         <run_address>0x9a0</run_address>
         <size>0x90</size>
         <input_file_ref idref="fl-5"/>
      </object_component>
      <object_component id="oc-d6">
         <name>.debug_frame</name>
         <load_address>0xa30</load_address>
         <run_address>0xa30</run_address>
         <size>0x5a8</size>
         <input_file_ref idref="fl-6"/>
      </object_component>
      <object_component id="oc-2c">
         <name>.debug_frame</name>
         <load_address>0xfd8</load_address>
         <run_address>0xfd8</run_address>
         <size>0x90</size>
         <input_file_ref idref="fl-7"/>
      </object_component>
      <object_component id="oc-146">
         <name>.debug_frame</name>
         <load_address>0x1068</load_address>
         <run_address>0x1068</run_address>
         <size>0x4cc</size>
         <input_file_ref idref="fl-8"/>
      </object_component>
      <object_component id="oc-d0">
         <name>.debug_frame</name>
         <load_address>0x1534</load_address>
         <run_address>0x1534</run_address>
         <size>0x100</size>
         <input_file_ref idref="fl-9"/>
      </object_component>
      <object_component id="oc-48">
         <name>.debug_frame</name>
         <load_address>0x1634</load_address>
         <run_address>0x1634</run_address>
         <size>0x54</size>
         <input_file_ref idref="fl-c5"/>
      </object_component>
      <object_component id="oc-20">
         <name>.debug_frame</name>
         <load_address>0x1688</load_address>
         <run_address>0x1688</run_address>
         <size>0x54</size>
         <input_file_ref idref="fl-c6"/>
      </object_component>
      <object_component id="oc-1a">
         <name>.debug_frame</name>
         <load_address>0x16dc</load_address>
         <run_address>0x16dc</run_address>
         <size>0x60</size>
         <input_file_ref idref="fl-c7"/>
      </object_component>
      <object_component id="oc-5e">
         <name>.debug_frame</name>
         <load_address>0x173c</load_address>
         <run_address>0x173c</run_address>
         <size>0x50</size>
         <input_file_ref idref="fl-c8"/>
      </object_component>
      <object_component id="oc-109">
         <name>.debug_frame</name>
         <load_address>0x178c</load_address>
         <run_address>0x178c</run_address>
         <size>0x5c</size>
         <input_file_ref idref="fl-cc"/>
      </object_component>
      <object_component id="oc-96">
         <name>.debug_frame</name>
         <load_address>0x17e8</load_address>
         <run_address>0x17e8</run_address>
         <size>0x54</size>
         <input_file_ref idref="fl-cd"/>
      </object_component>
      <object_component id="oc-fc">
         <name>.debug_frame</name>
         <load_address>0x183c</load_address>
         <run_address>0x183c</run_address>
         <size>0x54</size>
         <input_file_ref idref="fl-cf"/>
      </object_component>
      <object_component id="oc-166">
         <name>.debug_frame</name>
         <load_address>0x1890</load_address>
         <run_address>0x1890</run_address>
         <size>0x54</size>
         <input_file_ref idref="fl-d2"/>
      </object_component>
      <object_component id="oc-180">
         <name>.debug_frame</name>
         <load_address>0x18e4</load_address>
         <run_address>0x18e4</run_address>
         <size>0x54</size>
         <input_file_ref idref="fl-d2"/>
      </object_component>
      <object_component id="oc-186">
         <name>.debug_frame</name>
         <load_address>0x1938</load_address>
         <run_address>0x1938</run_address>
         <size>0x54</size>
         <input_file_ref idref="fl-d2"/>
      </object_component>
      <object_component id="oc-193">
         <name>.debug_frame</name>
         <load_address>0x198c</load_address>
         <run_address>0x198c</run_address>
         <size>0x54</size>
         <input_file_ref idref="fl-d2"/>
      </object_component>
      <object_component id="oc-19c">
         <name>.debug_frame</name>
         <load_address>0x19e0</load_address>
         <run_address>0x19e0</run_address>
         <size>0x54</size>
         <input_file_ref idref="fl-d2"/>
      </object_component>
      <object_component id="oc-136">
         <name>.debug_abbrev</name>
         <load_address>0x0</load_address>
         <run_address>0x0</run_address>
         <size>0x76</size>
         <input_file_ref idref="fl-2"/>
      </object_component>
      <object_component id="oc-1d4">
         <name>.debug_abbrev</name>
         <load_address>0x76</load_address>
         <run_address>0x76</run_address>
         <size>0x27</size>
         <input_file_ref idref="fl-2"/>
      </object_component>
      <object_component id="oc-13b">
         <name>.debug_abbrev</name>
         <load_address>0x9d</load_address>
         <run_address>0x9d</run_address>
         <size>0x12c</size>
         <input_file_ref idref="fl-2"/>
      </object_component>
      <object_component id="oc-f5">
         <name>.debug_abbrev</name>
         <load_address>0x1c9</load_address>
         <run_address>0x1c9</run_address>
         <size>0x96</size>
         <input_file_ref idref="fl-2"/>
      </object_component>
      <object_component id="oc-72">
         <name>.debug_abbrev</name>
         <load_address>0x25f</load_address>
         <run_address>0x25f</run_address>
         <size>0x69</size>
         <input_file_ref idref="fl-2"/>
      </object_component>
      <object_component id="oc-b4">
         <name>.debug_abbrev</name>
         <load_address>0x2c8</load_address>
         <run_address>0x2c8</run_address>
         <size>0x1f</size>
         <input_file_ref idref="fl-2"/>
      </object_component>
      <object_component id="oc-af">
         <name>.debug_abbrev</name>
         <load_address>0x2e7</load_address>
         <run_address>0x2e7</run_address>
         <size>0x5c</size>
         <input_file_ref idref="fl-2"/>
      </object_component>
      <object_component id="oc-13e">
         <name>.debug_abbrev</name>
         <load_address>0x343</load_address>
         <run_address>0x343</run_address>
         <size>0x24</size>
         <input_file_ref idref="fl-2"/>
      </object_component>
      <object_component id="oc-77">
         <name>.debug_abbrev</name>
         <load_address>0x367</load_address>
         <run_address>0x367</run_address>
         <size>0x24</size>
         <input_file_ref idref="fl-2"/>
      </object_component>
      <object_component id="oc-204">
         <name>.debug_abbrev</name>
         <load_address>0x38b</load_address>
         <run_address>0x38b</run_address>
         <size>0x76</size>
         <input_file_ref idref="fl-3"/>
      </object_component>
      <object_component id="oc-1fe">
         <name>.debug_abbrev</name>
         <load_address>0x401</load_address>
         <run_address>0x401</run_address>
         <size>0x27</size>
         <input_file_ref idref="fl-3"/>
      </object_component>
      <object_component id="oc-200">
         <name>.debug_abbrev</name>
         <load_address>0x428</load_address>
         <run_address>0x428</run_address>
         <size>0x27</size>
         <input_file_ref idref="fl-3"/>
      </object_component>
      <object_component id="oc-202">
         <name>.debug_abbrev</name>
         <load_address>0x44f</load_address>
         <run_address>0x44f</run_address>
         <size>0x27</size>
         <input_file_ref idref="fl-3"/>
      </object_component>
      <object_component id="oc-17d">
         <name>.debug_abbrev</name>
         <load_address>0x476</load_address>
         <run_address>0x476</run_address>
         <size>0xd6</size>
         <input_file_ref idref="fl-3"/>
      </object_component>
      <object_component id="oc-21d">
         <name>.debug_abbrev</name>
         <load_address>0x54c</load_address>
         <run_address>0x54c</run_address>
         <size>0x92</size>
         <input_file_ref idref="fl-4"/>
      </object_component>
      <object_component id="oc-20f">
         <name>.debug_abbrev</name>
         <load_address>0x5de</load_address>
         <run_address>0x5de</run_address>
         <size>0x27</size>
         <input_file_ref idref="fl-4"/>
      </object_component>
      <object_component id="oc-213">
         <name>.debug_abbrev</name>
         <load_address>0x605</load_address>
         <run_address>0x605</run_address>
         <size>0x27</size>
         <input_file_ref idref="fl-4"/>
      </object_component>
      <object_component id="oc-215">
         <name>.debug_abbrev</name>
         <load_address>0x62c</load_address>
         <run_address>0x62c</run_address>
         <size>0x27</size>
         <input_file_ref idref="fl-4"/>
      </object_component>
      <object_component id="oc-217">
         <name>.debug_abbrev</name>
         <load_address>0x653</load_address>
         <run_address>0x653</run_address>
         <size>0x27</size>
         <input_file_ref idref="fl-4"/>
      </object_component>
      <object_component id="oc-219">
         <name>.debug_abbrev</name>
         <load_address>0x67a</load_address>
         <run_address>0x67a</run_address>
         <size>0x27</size>
         <input_file_ref idref="fl-4"/>
      </object_component>
      <object_component id="oc-21b">
         <name>.debug_abbrev</name>
         <load_address>0x6a1</load_address>
         <run_address>0x6a1</run_address>
         <size>0x27</size>
         <input_file_ref idref="fl-4"/>
      </object_component>
      <object_component id="oc-20d">
         <name>.debug_abbrev</name>
         <load_address>0x6c8</load_address>
         <run_address>0x6c8</run_address>
         <size>0x29</size>
         <input_file_ref idref="fl-4"/>
      </object_component>
      <object_component id="oc-1ac">
         <name>.debug_abbrev</name>
         <load_address>0x6f1</load_address>
         <run_address>0x6f1</run_address>
         <size>0x101</size>
         <input_file_ref idref="fl-4"/>
      </object_component>
      <object_component id="oc-1b0">
         <name>.debug_abbrev</name>
         <load_address>0x7f2</load_address>
         <run_address>0x7f2</run_address>
         <size>0xdc</size>
         <input_file_ref idref="fl-5"/>
      </object_component>
      <object_component id="oc-1ae">
         <name>.debug_abbrev</name>
         <load_address>0x8ce</load_address>
         <run_address>0x8ce</run_address>
         <size>0x29</size>
         <input_file_ref idref="fl-5"/>
      </object_component>
      <object_component id="oc-1b2">
         <name>.debug_abbrev</name>
         <load_address>0x8f7</load_address>
         <run_address>0x8f7</run_address>
         <size>0x29</size>
         <input_file_ref idref="fl-5"/>
      </object_component>
      <object_component id="oc-f2">
         <name>.debug_abbrev</name>
         <load_address>0x920</load_address>
         <run_address>0x920</run_address>
         <size>0xa9</size>
         <input_file_ref idref="fl-5"/>
      </object_component>
      <object_component id="oc-15c">
         <name>.debug_abbrev</name>
         <load_address>0x9c9</load_address>
         <run_address>0x9c9</run_address>
         <size>0x24</size>
         <input_file_ref idref="fl-5"/>
      </object_component>
      <object_component id="oc-1f8">
         <name>.debug_abbrev</name>
         <load_address>0x9ed</load_address>
         <run_address>0x9ed</run_address>
         <size>0xb4</size>
         <input_file_ref idref="fl-6"/>
      </object_component>
      <object_component id="oc-1f2">
         <name>.debug_abbrev</name>
         <load_address>0xaa1</load_address>
         <run_address>0xaa1</run_address>
         <size>0x27</size>
         <input_file_ref idref="fl-6"/>
      </object_component>
      <object_component id="oc-1f6">
         <name>.debug_abbrev</name>
         <load_address>0xac8</load_address>
         <run_address>0xac8</run_address>
         <size>0x27</size>
         <input_file_ref idref="fl-6"/>
      </object_component>
      <object_component id="oc-1ef">
         <name>.debug_abbrev</name>
         <load_address>0xaef</load_address>
         <run_address>0xaef</run_address>
         <size>0x27</size>
         <input_file_ref idref="fl-6"/>
      </object_component>
      <object_component id="oc-1f4">
         <name>.debug_abbrev</name>
         <load_address>0xb16</load_address>
         <run_address>0xb16</run_address>
         <size>0x27</size>
         <input_file_ref idref="fl-6"/>
      </object_component>
      <object_component id="oc-172">
         <name>.debug_abbrev</name>
         <load_address>0xb3d</load_address>
         <run_address>0xb3d</run_address>
         <size>0x12e</size>
         <input_file_ref idref="fl-6"/>
      </object_component>
      <object_component id="oc-1fb">
         <name>.debug_abbrev</name>
         <load_address>0xc6b</load_address>
         <run_address>0xc6b</run_address>
         <size>0x38</size>
         <input_file_ref idref="fl-6"/>
      </object_component>
      <object_component id="oc-6e">
         <name>.debug_abbrev</name>
         <load_address>0xca3</load_address>
         <run_address>0xca3</run_address>
         <size>0x68</size>
         <input_file_ref idref="fl-7"/>
      </object_component>
      <object_component id="oc-2d">
         <name>.debug_abbrev</name>
         <load_address>0xd0b</load_address>
         <run_address>0xd0b</run_address>
         <size>0x29</size>
         <input_file_ref idref="fl-7"/>
      </object_component>
      <object_component id="oc-6d">
         <name>.debug_abbrev</name>
         <load_address>0xd34</load_address>
         <run_address>0xd34</run_address>
         <size>0x79</size>
         <input_file_ref idref="fl-7"/>
      </object_component>
      <object_component id="oc-38">
         <name>.debug_abbrev</name>
         <load_address>0xdad</load_address>
         <run_address>0xdad</run_address>
         <size>0x1f</size>
         <input_file_ref idref="fl-7"/>
      </object_component>
      <object_component id="oc-244">
         <name>.debug_abbrev</name>
         <load_address>0xdcc</load_address>
         <run_address>0xdcc</run_address>
         <size>0x76</size>
         <input_file_ref idref="fl-8"/>
      </object_component>
      <object_component id="oc-240">
         <name>.debug_abbrev</name>
         <load_address>0xe42</load_address>
         <run_address>0xe42</run_address>
         <size>0x27</size>
         <input_file_ref idref="fl-8"/>
      </object_component>
      <object_component id="oc-242">
         <name>.debug_abbrev</name>
         <load_address>0xe69</load_address>
         <run_address>0xe69</run_address>
         <size>0x27</size>
         <input_file_ref idref="fl-8"/>
      </object_component>
      <object_component id="oc-1dc">
         <name>.debug_abbrev</name>
         <load_address>0xe90</load_address>
         <run_address>0xe90</run_address>
         <size>0x132</size>
         <input_file_ref idref="fl-8"/>
      </object_component>
      <object_component id="oc-1ed">
         <name>.debug_abbrev</name>
         <load_address>0xfc2</load_address>
         <run_address>0xfc2</run_address>
         <size>0xc2</size>
         <input_file_ref idref="fl-9"/>
      </object_component>
      <object_component id="oc-1e0">
         <name>.debug_abbrev</name>
         <load_address>0x1084</load_address>
         <run_address>0x1084</run_address>
         <size>0x27</size>
         <input_file_ref idref="fl-9"/>
      </object_component>
      <object_component id="oc-1eb">
[...]
      </symbol>
      <symbol id="sm-3e6">
         <name>SysCtlAltClkConfig</name>
         <value>0x11a9</value>
         <object_component_ref idref="oc-d4"/>
      </symbol>
      <symbol id="sm-3e7">
         <name>SysCtlPeripheralClockGating</name>
         <value>0x6a1</value>
         <object_component_ref idref="oc-d4"/>
      </symbol>
      <symbol id="sm-3e8">
         <name>SysCtlIntStatus</name>
         <value>0x759</value>
         <object_component_ref idref="oc-d4"/>
      </symbol>
      <symbol id="sm-3e9">
         <name>SysCtlIntClear</name>
         <value>0x749</value>
         <object_component_ref idref="oc-d4"/>
      </symbol>
      <symbol id="sm-3ea">
         <name>SysCtlVoltageEventStatus</name>
         <value>0x107d</value>
         <object_component_ref idref="oc-d4"/>
      </symbol>
      <symbol id="sm-3eb">
         <name>SysCtlVoltageEventConfig</name>
         <value>0x106d</value>
         <object_component_ref idref="oc-d4"/>
      </symbol>
      <symbol id="sm-3ec">
         <name>SysCtlResetCauseGet</name>
         <value>0x7f1</value>
         <object_component_ref idref="oc-d4"/>
      </symbol>
      <symbol id="sm-3ed">
         <name>SysCtlSleep</name>
         <value>0x7cd</value>
         <object_component_ref idref="oc-d4"/>
      </symbol>
      <symbol id="sm-3ee">
         <name>SysCtlPWMClockGet</name>
         <value>0x1001</value>
         <object_component_ref idref="oc-d4"/>
      </symbol>
      <symbol id="sm-3ef">
         <name>SysCtlDeepSleepPowerSet</name>
         <value>0x7b5</value>
         <object_component_ref idref="oc-d4"/>
      </symbol>
      <symbol id="sm-3f0">
         <name>SysCtlClockOutConfig</name>
         <value>0x118d</value>
         <object_component_ref idref="oc-d4"/>
      </symbol>
      <symbol id="sm-3f1">
         <name>SysCtlNMIStatus</name>
         <value>0x115d</value>
         <object_component_ref idref="oc-d4"/>
      </symbol>
      <symbol id="sm-3f2">
         <name>SysCtlDeepSleepClockConfigSet</name>
         <value>0xf5d</value>
         <object_component_ref idref="oc-d4"/>
      </symbol>
      <symbol id="sm-3f3">
         <name>SysCtlDelay</name>
         <value>0x3a4b</value>
         <object_component_ref idref="oc-171"/>
      </symbol>
      <symbol id="sm-3f4">
         <name>SysCtlVoltageEventClear</name>
         <value>0x1089</value>
         <object_component_ref idref="oc-d4"/>
      </symbol>
      <symbol id="sm-3f5">
         <name>SysCtlLDOSleepSet</name>
         <value>0x775</value>
         <object_component_ref idref="oc-d4"/>
      </symbol>
      <symbol id="sm-3f6">
         <name>SysCtlMOSCConfigSet</name>
         <value>0x80b</value>
         <object_component_ref idref="oc-d4"/>
      </symbol>
      <symbol id="sm-3f7">
         <name>SysCtlPeripheralEnable</name>
         <value>0x509</value>
         <object_component_ref idref="oc-d4"/>
      </symbol>
      <symbol id="sm-3f8">
         <name>SysCtlIntEnable</name>
         <value>0x71d</value>
         <object_component_ref idref="oc-d4"/>
      </symbol>
      <symbol id="sm-3f9">
         <name>SysCtlNMIClear</name>
         <value>0x1171</value>
         <object_component_ref idref="oc-d4"/>
      </symbol>
      <symbol id="sm-3fa">
         <name>SysCtlPeripheralPowerOff</name>
         <value>0x445</value>
         <object_component_ref idref="oc-d4"/>
      </symbol>
      <symbol id="sm-3fb">
         <name>SysCtlSleepPowerSet</name>
         <value>0x7a1</value>
         <object_component_ref idref="oc-d4"/>
      </symbol>
      <symbol id="sm-3fc">
         <name>SysCtlDeepSleep</name>
         <value>0x7d5</value>
         <object_component_ref idref="oc-d4"/>
      </symbol>
      <symbol id="sm-3fd">
         <name>SysCtlLDODeepSleepSet</name>
         <value>0x78b</value>
         <object_component_ref idref="oc-d4"/>
      </symbol>
      <symbol id="sm-3fe">
         <name>SysCtlPeripheralPowerOn</name>
         <value>0x409</value>
         <object_component_ref idref="oc-d4"/>
      </symbol>
      <symbol id="sm-3ff">
         <name>SysCtlPeripheralDeepSleepDisable</name>
         <value>0x659</value>
         <object_component_ref idref="oc-d4"/>
      </symbol>
      <symbol id="sm-400">
         <name>SysCtlPeripheralSleepDisable</name>
         <value>0x5cd</value>
         <object_component_ref idref="oc-d4"/>
      </symbol>
      <symbol id="sm-401">
         <name>SysCtlVCOGet</name>
         <value>0x10a1</value>
         <object_component_ref idref="oc-d4"/>
      </symbol>
      <symbol id="sm-402">
         <name>SysCtlResetBehaviorSet</name>
         <value>0x871</value>
         <object_component_ref idref="oc-d4"/>
      </symbol>
      <symbol id="sm-403">
         <name>SysCtlReset</name>
         <value>0x7c5</value>
         <object_component_ref idref="oc-d4"/>
      </symbol>
      <symbol id="sm-404">
         <name>SysCtlGPIOAHBDisable</name>
         <value>0x1033</value>
         <object_component_ref idref="oc-d4"/>
      </symbol>
      <symbol id="sm-405">
         <name>SysCtlSRAMSizeGet</name>
         <value>0x32d</value>
         <object_component_ref idref="oc-d4"/>
      </symbol>
      <symbol id="sm-406">
         <name>SysCtlClockGet</name>
         <value>0xd99</value>
         <object_component_ref idref="oc-d4"/>
      </symbol>
      <symbol id="sm-407">
         <name>SysCtlPeripheralDisable</name>
         <value>0x545</value>
         <object_component_ref idref="oc-d4"/>
      </symbol>
      <symbol id="sm-408">
         <name>SysCtlPWMClockSet</name>
         <value>0xfe7</value>
         <object_component_ref idref="oc-d4"/>
      </symbol>
      <symbol id="sm-409">
         <name>SysCtlUSBPLLEnable</name>
         <value>0x104f</value>
         <object_component_ref idref="oc-d4"/>
      </symbol>
      <symbol id="sm-40a">
         <name>SysCtlPeripheralSleepEnable</name>
         <value>0x589</value>
         <object_component_ref idref="oc-d4"/>
      </symbol>
      <symbol id="sm-40b">
         <name>SysCtlIntUnregister</name>
         <value>0x70d</value>
         <object_component_ref idref="oc-d4"/>
      </symbol>
      <symbol id="sm-40c">
         <name>SysCtlUSBPLLDisable</name>
         <value>0x105b</value>
         <object_component_ref idref="oc-d4"/>
      </symbol>
      <symbol id="sm-40d">
         <name>SysCtlPeripheralReady</name>
         <value>0x3c9</value>
         <object_component_ref idref="oc-d4"/>
      </symbol>
      <symbol id="sm-40e">
         <name>SysCtlPIOSCCalibrate</name>
         <value>0x821</value>
         <object_component_ref idref="oc-d4"/>
      </symbol>
      <symbol id="sm-40f">
         <name>SysCtlResetCauseClear</name>
         <value>0x7f7</value>
         <object_component_ref idref="oc-d4"/>
      </symbol>
      <symbol id="sm-410">
         <name>SysCtlLDOSleepGet</name>
         <value>0x785</value>
         <object_component_ref idref="oc-d4"/>
      </symbol>
      <symbol id="sm-411">
         <name>SysCtlClockFreqSet</name>
         <value>0x8d1</value>
         <object_component_ref idref="oc-d4"/>
      </symbol>
      <symbol id="sm-412">
         <name>SysCtlPeripheralReset</name>
         <value>0x481</value>
         <object_component_ref idref="oc-d4"/>
      </symbol>
      <symbol id="sm-433">
         <name>ResetISR</name>
         <value>0x3a2f</value>
         <object_component_ref idref="oc-27"/>
      </symbol>
      <symbol id="sm-434">
         <name>g_pfnVectors</name>
         <value>0x0</value>
         <object_component_ref idref="oc-12"/>
      </symbol>
      <symbol id="sm-4a7">
         <name>UARTClockSourceGet</name>
         <value>0x2d17</value>
         <object_component_ref idref="oc-141"/>
      </symbol>
      <symbol id="sm-4a8">
         <name>UARTCharPutNonBlocking</name>
         <value>0x2b89</value>
         <object_component_ref idref="oc-141"/>
      </symbol>
      <symbol id="sm-4a9">
         <name>UARTDMAEnable</name>
         <value>0x2cb1</value>
         <object_component_ref idref="oc-141"/>
      </symbol>
      <symbol id="sm-4aa">
         <name>UARTTxIntModeSet</name>
         <value>0x2aed</value>
         <object_component_ref idref="oc-141"/>
      </symbol>
      <symbol id="sm-4ab">
         <name>UARTFIFODisable</name>
         <value>0x299b</value>
         <object_component_ref idref="oc-141"/>
      </symbol>
      <symbol id="sm-4ac">
         <name>UARTIntUnregister</name>
         <value>0x2c31</value>
         <object_component_ref idref="oc-141"/>
      </symbol>
      <symbol id="sm-4ad">
         <name>UARTRxErrorClear</name>
         <value>0x2cf3</value>
         <object_component_ref idref="oc-141"/>
      </symbol>
      <symbol id="sm-4ae">
         <name>UARTModemControlSet</name>
         <value>0x2a3d</value>
         <object_component_ref idref="oc-141"/>
      </symbol>
      <symbol id="sm-4af">
         <name>UARTFlowControlSet</name>
         <value>0x2abf</value>
         <object_component_ref idref="oc-141"/>
      </symbol>
      <symbol id="sm-4b0">
         <name>UARTConfigSetExpClk</name>
         <value>0x2875</value>
         <object_component_ref idref="oc-141"/>
      </symbol>
      <symbol id="sm-4b1">
         <name>UARTSmartCardDisable</name>
         <value>0x2a27</value>
         <object_component_ref idref="oc-141"/>
      </symbol>
      <symbol id="sm-4b2">
         <name>UARTDisable</name>
         <value>0x295b</value>
         <object_component_ref idref="oc-141"/>
      </symbol>
      <symbol id="sm-4b3">
         <name>UART9BitDisable</name>
         <value>0x2d3d</value>
         <object_component_ref idref="oc-141"/>
      </symbol>
      <symbol id="sm-4b4">
         <name>UARTFIFOLevelGet</name>
         <value>0x284d</value>
         <object_component_ref idref="oc-141"/>
      </symbol>
      <symbol id="sm-4b5">
         <name>UARTBusy</name>
         <value>0x2bf5</value>
         <object_component_ref idref="oc-141"/>
      </symbol>
      <symbol id="sm-4b6">
         <name>UARTDisableSIR</name>
         <value>0x29df</value>
         <object_component_ref idref="oc-141"/>
      </symbol>
      <symbol id="sm-4b7">
         <name>UARTLoopbackEnable</name>
         <value>0x2dc1</value>
         <object_component_ref idref="oc-141"/>
      </symbol>
      <symbol id="sm-4b8">
         <name>UARTIntEnable</name>
         <value>0x2c51</value>
         <object_component_ref idref="oc-141"/>
      </symbol>
      <symbol id="sm-4b9">
         <name>UARTCharsAvail</name>
         <value>0x2b1b</value>
         <object_component_ref idref="oc-141"/>
      </symbol>
      <symbol id="sm-4ba">
         <name>UARTCharGetNonBlocking</name>
         <value>0x2b57</value>
         <object_component_ref idref="oc-141"/>
      </symbol>
      <symbol id="sm-4bb">
         <name>UARTClockSourceSet</name>
         <value>0x2d03</value>
         <object_component_ref idref="oc-141"/>
      </symbol>
      <symbol id="sm-4bc">
         <name>UARTTxIntModeGet</name>
         <value>0x2b09</value>
         <object_component_ref idref="oc-141"/>
      </symbol>
      <symbol id="sm-4bd">
         <name>UARTModemStatusGet</name>
         <value>0x2aab</value>
         <object_component_ref idref="oc-141"/>
      </symbol>
      <symbol id="sm-4be">
         <name>UARTIntDisable</name>
         <value>0x2c69</value>
         <object_component_ref idref="oc-141"/>
      </symbol>
      <symbol id="sm-4bf">
         <name>UARTCharPut</name>
         <value>0x2bad</value>
         <object_component_ref idref="oc-141"/>
      </symbol>
      <symbol id="sm-4c0">
         <name>UARTParityModeSet</name>
         <value>0x2807</value>
         <object_component_ref idref="oc-141"/>
      </symbol>
      <symbol id="sm-4c1">
         <name>UARTRxErrorGet</name>
         <value>0x2ce1</value>
         <object_component_ref idref="oc-141"/>
      </symbol>
      <symbol id="sm-4c2">
         <name>UARTConfigGetExpClk</name>
         <value>0x28eb</value>
         <object_component_ref idref="oc-141"/>
      </symbol>
      <symbol id="sm-4c3">
         <name>UARTEnableSIR</name>
         <value>0x29b1</value>
         <object_component_ref idref="oc-141"/>
      </symbol>
      <symbol id="sm-4c4">
         <name>UARTEnable</name>
         <value>0x2937</value>
         <object_component_ref idref="oc-141"/>
      </symbol>
      <symbol id="sm-4c5">
         <name>UART9BitAddrSend</name>
         <value>0x2d79</value>
         <object_component_ref idref="oc-141"/>
      </symbol>
      <symbol id="sm-4c6">
         <name>UARTModemControlGet</name>
         <value>0x2a99</value>
         <object_component_ref idref="oc-141"/>
      </symbol>
      <symbol id="sm-4c7">
         <name>UARTSmartCardEnable</name>
         <value>0x29f5</value>
         <object_component_ref idref="oc-141"/>
      </symbol>
      <symbol id="sm-4c8">
         <name>UARTFlowControlGet</name>
         <value>0x2adb</value>
         <object_component_ref idref="oc-141"/>
      </symbol>
      <symbol id="sm-4c9">
         <name>UARTFIFOEnable</name>
         <value>0x2985</value>
         <object_component_ref idref="oc-141"/>
      </symbol>
      <symbol id="sm-4ca">
         <name>UARTIntClear</name>
         <value>0x2c9f</value>
         <object_component_ref idref="oc-141"/>
      </symbol>
      <symbol id="sm-4cb">
         <name>UARTIntStatus</name>
         <value>0x2c81</value>
         <object_component_ref idref="oc-141"/>
      </symbol>
      <symbol id="sm-4cc">
         <name>UARTDMADisable</name>
         <value>0x2cc9</value>
         <object_component_ref idref="oc-141"/>
      </symbol>
      <symbol id="sm-4cd">
         <name>UART9BitEnable</name>
         <value>0x2d27</value>
         <object_component_ref idref="oc-141"/>
      </symbol>
      <symbol id="sm-4ce">
         <name>UARTSpaceAvail</name>
         <value>0x2b39</value>
         <object_component_ref idref="oc-141"/>
      </symbol>
      <symbol id="sm-4cf">
         <name>UARTCharGet</name>
         <value>0x2b73</value>
         <object_component_ref idref="oc-141"/>
      </symbol>
      <symbol id="sm-4d0">
         <name>UARTFIFOLevelSet</name>
         <value>0x2835</value>
         <object_component_ref idref="oc-141"/>
      </symbol>
      <symbol id="sm-4d1">
         <name>UARTModemControlClear</name>
         <value>0x2a75</value>
         <object_component_ref idref="oc-141"/>
      </symbol>
      <symbol id="sm-4d2">
         <name>UARTParityModeGet</name>
         <value>0x2823</value>
         <object_component_ref idref="oc-141"/>
      </symbol>
      <symbol id="sm-4d3">
         <name>UARTIntRegister</name>
         <value>0x2c13</value>
         <object_component_ref idref="oc-141"/>
      </symbol>
      <symbol id="sm-4d4">
         <name>UARTBreakCtl</name>
         <value>0x2bcb</value>
         <object_component_ref idref="oc-141"/>
      </symbol>
      <symbol id="sm-4d5">
         <name>UART9BitAddrSet</name>
         <value>0x2d53</value>
         <object_component_ref idref="oc-141"/>
      </symbol>
      <symbol id="sm-544">
         <name>UARTgetc</name>
         <value>0x2f1f</value>
         <object_component_ref idref="oc-ce"/>
      </symbol>
      <symbol id="sm-545">
         <name>UARTgets</name>
         <value>0x2e65</value>
         <object_component_ref idref="oc-ce"/>
      </symbol>
      <symbol id="sm-546">
         <name>UARTStdioConfig</name>
         <value>0x2dd9</value>
         <object_component_ref idref="oc-ce"/>
      </symbol>
      <symbol id="sm-547">
         <name>UARTwrite</name>
         <value>0x2e1f</value>
         <object_component_ref idref="oc-ce"/>
      </symbol>
      <symbol id="sm-548">
         <name>UARTprintf</name>
         <value>0x323f</value>
         <object_component_ref idref="oc-ce"/>
      </symbol>
      <symbol id="sm-549">
         <name>UARTvprintf</name>
         <value>0x2f45</value>
         <object_component_ref idref="oc-ce"/>
      </symbol>
      <symbol id="sm-558">
         <name>__aeabi_uidivmod</name>
         <value>0x3979</value>
         <object_component_ref idref="oc-150"/>
      </symbol>
      <symbol id="sm-559">
         <name>__aeabi_uidiv</name>
         <value>0x3979</value>
         <object_component_ref idref="oc-150"/>
      </symbol>
      <symbol id="sm-572">
         <name>__TI_zero_init_nomemset</name>
         <value>0x39ed</value>
         <object_component_ref idref="oc-47"/>
      </symbol>
      <symbol id="sm-589">
         <name>__TI_decompress_none</name>
         <value>0x3a09</value>
         <object_component_ref idref="oc-1b"/>
      </symbol>
      <symbol id="sm-5ac">
         <name>__TI_decompress_lzss</name>
         <value>0x38cd</value>
         <object_component_ref idref="oc-15"/>
      </symbol>
      <symbol id="sm-5bf">
         <name>__stack</name>
         <value>0x20000270</value>
         <object_component_ref idref="oc-24"/>
      </symbol>
      <symbol id="sm-5c0">
         <name>_c_int00_noargs</name>
         <value>0x39b9</value>
         <object_component_ref idref="oc-59"/>
      </symbol>
      <symbol id="sm-5ca">
         <name>__aeabi_idiv0</name>
         <value>0x2dd7</value>
         <object_component_ref idref="oc-1e4"/>
      </symbol>
      <symbol id="sm-5cb">
         <name>__aeabi_ldiv0</name>
         <value>0x2dd7</value>
         <object_component_ref idref="oc-1e4"/>
      </symbol>
      <symbol id="sm-5e6">
         <name>memcpy</name>
         <value>0x3831</value>
         <object_component_ref idref="oc-3b"/>
      </symbol>
      <symbol id="sm-5e7">
         <name>__aeabi_memcpy</name>
         <value>0x3831</value>
         <object_component_ref idref="oc-3b"/>
      </symbol>
      <symbol id="sm-5e8">
         <name>__aeabi_memcpy8</name>
         <value>0x3831</value>
         <object_component_ref idref="oc-3b"/>
      </symbol>
      <symbol id="sm-5e9">
         <name>__aeabi_memcpy4</name>
         <value>0x3831</value>
         <object_component_ref idref="oc-3b"/>
      </symbol>
      <symbol id="sm-612">
         <name>__TI_auto_init_nobinit_nopinit</name>
         <value>0x3935</value>
         <object_component_ref idref="oc-104"/>
      </symbol>
      <symbol id="sm-61c">
         <name>_system_pre_init</name>
         <value>0x3a55</value>
         <object_component_ref idref="oc-95"/>
      </symbol>
      <symbol id="sm-628">
         <name>C$$EXIT</name>
         <value>0x3a59</value>
         <object_component_ref idref="oc-f8"/>
      </symbol>
      <symbol id="sm-629">
         <name>abort</name>
         <value>0x3a59</value>
         <object_component_ref idref="oc-f8"/>
      </symbol>
      <symbol id="sm-667">
         <name>CPUbasepriGet</name>
         <value>0x3a3b</value>
         <object_component_ref idref="oc-197"/>
      </symbol>
      <symbol id="sm-668">
         <name>CPUbasepriSet</name>
         <value>0x3a45</value>
         <object_component_ref idref="oc-191"/>
      </symbol>
      <symbol id="sm-669">
         <name>CPUcpsie</name>
         <value>0x3a23</value>
         <object_component_ref idref="oc-17f"/>
      </symbol>
      <symbol id="sm-66a">
         <name>CPUcpsid</name>
         <value>0x3a17</value>
         <object_component_ref idref="oc-185"/>
      </symbol>
      <symbol id="sm-66b">
         <name>CPUwfi</name>
         <value>0x3a51</value>
         <object_component_ref idref="oc-162"/>
      </symbol>
      <symbol id="sm-66c">
         <name>__TI_static_base__</name>
         <value>0x0</value>
      </symbol>
      <symbol id="sm-66f">
         <name>__mpu_init</name>
         <value>0x0</value>
      </symbol>
      <symbol id="sm-670">
         <name>_system_post_cinit</name>
         <value>0x0</value>
      </symbol>
   </symbol_table>
   <title>Link successful</title>
</link_info>
